<html>
<body>
<pre>
<h1>µVision Build Log</h1>
<h2>Tool Versions:</h2>
IDE-Version: ¦ÌVision V5.38.0.0
Copyright (C) 2022 ARM Ltd and ARM Germany GmbH. All rights reserved.
License Information: Zang Xin, COD, LIC=585FJ-URE6D-TGX7T-RJZXZ-YHSEP-ZI8ZE
 
Tool Versions:
Toolchain:       MDK-ARM Plus  Version: 5.38.0.0
Toolchain Path:  D:\CODsoftware\Keil\Core\ARM\ARMCC\Bin
C Compiler:      Armcc.exe V5.06 update 7 (build 960)
Assembler:       Armasm.exe V5.06 update 7 (build 960)
Linker/Locator:  ArmLink.exe V5.06 update 7 (build 960)
Library Manager: ArmAr.exe V5.06 update 7 (build 960)
Hex Converter:   FromElf.exe V5.06 update 7 (build 960)
CPU DLL:         SARMCM3.DLL V5.38.0.0
Dialog DLL:      DCM.DLL V1.17.5.0
Target DLL:      Segger\JL2CM3.dll V2.99.42.0
Dialog DLL:      TCM.DLL V1.56.4.0
 
<h2>Project:</h2>
D:\lllllllllll\drone_2.00\HAL_Template-main\MDK-ARM\HAL_Template.uvprojx
Project File Date:  12/30/2023

<h2>Output:</h2>
*** Using Compiler 'V5.06 update 7 (build 960)', folder: 'D:\CODsoftware\Keil\Core\ARM\ARMCC\Bin'
Build target 'HAL_Template'
compiling Detect_Task.c...
compiling api_quaternion.c...
compiling INS_Task.c...
compiling Vision_Task.c...
compiling api_trajectory.c...
compiling kalman.c...
compiling bsp_gpio.c...
compiling Gimbal_Task.c...
compiling bsp_mcu.c...
compiling CANTx_Task.c...
compiling bsp_tick.c...
compiling bsp_spi.c...
compiling main.c...
compiling bsp_dwt.c...
compiling ui.c...
..\Components\Device\Src\ui.c(122): warning:  #177-D: function "Char_Graphic"  was declared but never referenced
  static void Char_Graphic(ext_client_string_t* graphic,
..\Components\Device\Src\ui.c(173): warning:  #177-D: function "Figure_Graphic"  was declared but never referenced
  static void Figure_Graphic(graphic_data_struct_t* graphic,
..\Components\Device\Src\ui.c: 2 warnings, 0 errors
compiling motor.c...
compiling bsp_can.c...
compiling bsp_tim.c...
assembling startup_stm32f407xx.s...
compiling croutine.c...
compiling minipc.c...
compiling event_groups.c...
compiling Shoot_Task.c...
compiling list.c...
compiling bsp_uart.c...
compiling queue.c...
compiling stream_buffer.c...
compiling tasks.c...
compiling timers.c...
compiling heap_4.c...
compiling cmsis_os.c...
compiling port.c...
compiling stm32f4xx_hal_pcd_ex.c...
compiling stm32f4xx_hal_msp.c...
compiling stm32f4xx_hal_timebase_tim.c...
compiling system_stm32f4xx.c...
compiling usart.c...
compiling stm32f4xx_hal_pcd.c...
compiling dma.c...
compiling spi.c...
compiling gpio.c...
compiling stm32f4xx_ll_usb.c...
compiling freertos.c...
compiling stm32f4xx_it.c...
compiling tim.c...
compiling stm32f4xx_hal_rcc.c...
compiling can.c...
compiling stm32f4xx_hal_dma.c...
compiling stm32f4xx_hal.c...
compiling stm32f4xx_hal_exti.c...
compiling stm32f4xx_hal_gpio.c...
compiling stm32f4xx_hal_pwr.c...
compiling stm32f4xx_hal_rcc_ex.c...
compiling stm32f4xx_hal_flash_ex.c...
compiling stm32f4xx_hal_flash_ramfunc.c...
compiling stm32f4xx_hal_can.c...
compiling stm32f4xx_hal_flash.c...
compiling stm32f4xx_hal_pwr_ex.c...
compiling stm32f4xx_hal_dma_ex.c...
compiling stm32f4xx_hal_spi.c...
compiling stm32f4xx_hal_tim.c...
compiling stm32f4xx_hal_cortex.c...
compiling usbd_desc.c...
compiling usbd_ctlreq.c...
compiling usbd_cdc.c...
compiling usbd_core.c...
compiling usbd_ioreq.c...
compiling usbd_cdc_if.c...
compiling stm32f4xx_hal_uart.c...
compiling usb_device.c...
compiling usbd_conf.c...
compiling stm32f4xx_hal_tim_ex.c...
linking...
Program Size: Code=57080 RO-data=4080 RW-data=1588 ZI-data=52132  
FromELF: creating hex file...
".\HAL_Template\HAL_Template.axf" - 0 Error(s), 2 Warning(s).

<h2>Software Packages used:</h2>

Package Vendor: Keil
                https://www.keil.com/pack/Keil.STM32F4xx_DFP.2.17.1.pack
                Keil.STM32F4xx_DFP.2.17.1
                STMicroelectronics STM32F4 Series Device Support, Drivers and Examples

<h2>Collection of Component include folders:</h2>
  D:/CODsoftware/Keil/Pack/Keil/STM32F4xx_DFP/2.17.1/Drivers/CMSIS/Device/ST/STM32F4xx/Include

<h2>Collection of Component Files used:</h2>
Build Time Elapsed:  00:00:20
</pre>
</body>
</html>
